Archive member included because of file (symbol)

contiki-wismote.a(contiki-wismote)
                              obj_wismote/contiki-wismote-main.o (init_platform)
contiki-wismote.a(button-sensor.o)
                              contiki-wismote.a(contiki-wismote) (button_sensor)
contiki-wismote.a(xmem.o)     obj_wismote/contiki-wismote-main.o (xmem_init)
contiki-wismote.a(node-id.o)  obj_wismote/contiki-wismote-main.o (node_id)
contiki-wismote.a(sensors.o)  contiki-wismote.a(button-sensor.o) (sensors_changed)
contiki-wismote.a(cc2520.o)   obj_wismote/contiki-wismote-main.o (cc2520_set_channel)
contiki-wismote.a(cc2520-arch.o)
                              contiki-wismote.a(cc2520.o) (cc2520_arch_init)
contiki-wismote.a(uart1.o)    obj_wismote/contiki-wismote-main.o (uart1_active)
contiki-wismote.a(uart1-putchar.o)
                              obj_wismote/contiki-wismote-main.o (putchar)
contiki-wismote.a(msp430.o)   obj_wismote/contiki-wismote-main.o (msp430_cpu_init)
contiki-wismote.a(clock.o)    obj_wismote/contiki-wismote-main.o (clock_init)
contiki-wismote.a(leds.o)     obj_wismote/contiki-wismote-main.o (leds_init)
contiki-wismote.a(leds-arch.o)
                              contiki-wismote.a(leds.o) (leds_arch_init)
contiki-wismote.a(watchdog.o)
                              obj_wismote/contiki-wismote-main.o (watchdog_start)
contiki-wismote.a(rtimer-arch.o)
                              obj_wismote/contiki-wismote-main.o (rtimer_arch_now)
contiki-wismote.a(autostart.o)
                              obj_wismote/contiki-wismote-main.o (autostart_start)
contiki-wismote.a(energest.o)
                              obj_wismote/contiki-wismote-main.o (energest_init)
contiki-wismote.a(ctimer.o)   obj_wismote/contiki-wismote-main.o (ctimer_init)
contiki-wismote.a(etimer.o)   contiki-wismote.a(clock.o) (etimer_request_poll)
contiki-wismote.a(process.o)  contiki-wismote.a(ctimer.o) (process_current)
contiki-wismote.a(rtimer.o)   obj_wismote/contiki-wismote-main.o (rtimer_init)
contiki-wismote.a(timer.o)    contiki-wismote.a(button-sensor.o) (timer_set)
contiki-wismote.a(serial-line.o)
                              obj_wismote/contiki-wismote-main.o (serial_line_input_byte)
contiki-wismote.a(list.o)     contiki-wismote.a(ctimer.o) (list_init)
contiki-wismote.a(random.o)   example-broadcast.co (random_rand)
contiki-wismote.a(ringbuf.o)  contiki-wismote.a(serial-line.o) (ringbuf_init)
contiki-wismote.a(rime.o)     obj_wismote/contiki-wismote-main.o (rime_driver)
contiki-wismote.a(broadcast-annou)
                              contiki-wismote.a(rime.o) (broadcast_announcement_init)
contiki-wismote.a(announcement.o)
                              contiki-wismote.a(rime.o) (announcement_init)
contiki-wismote.a(chameleon.o)
                              contiki-wismote.a(rime.o) (chameleon_init)
contiki-wismote.a(channel.o)  contiki-wismote.a(chameleon.o) (channel_init)
contiki-wismote.a(broadcast.o)
                              example-broadcast.co (broadcast_open)
contiki-wismote.a(abc.o)      contiki-wismote.a(broadcast.o) (abc_open)
contiki-wismote.a(queuebuf.o)
                              contiki-wismote.a(rime.o) (queuebuf_init)
contiki-wismote.a(packetbuf.o)
                              contiki-wismote.a(rime.o) (packetbuf_compact)
contiki-wismote.a(linkaddr.o)
                              obj_wismote/contiki-wismote-main.o (linkaddr_copy)
contiki-wismote.a(nullmac.o)  obj_wismote/contiki-wismote-main.o (nullmac_driver)
contiki-wismote.a(nullrdc.o)  obj_wismote/contiki-wismote-main.o (nullrdc_driver)
contiki-wismote.a(framer-802154.o)
                              contiki-wismote.a(nullrdc.o) (framer_802154)
contiki-wismote.a(frame802154.o)
                              contiki-wismote.a(framer-802154.o) (frame802154_hdrlen)
contiki-wismote.a(mac.o)      contiki-wismote.a(nullrdc.o) (mac_call_sent_callback)
contiki-wismote.a(framer.o)   contiki-wismote.a(framer-802154.o) (framer_canonical_create_and_secure)
contiki-wismote.a(nullsec.o)  contiki-wismote.a(rime.o) (nullsec_driver)
contiki-wismote.a(spi.o)      contiki-wismote.a(xmem.o) (spi_init)
contiki-wismote.a(memb.o)     contiki-wismote.a(queuebuf.o) (memb_init)
contiki-wismote.a(chameleon-bitop)
                              contiki-wismote.a(chameleon.o) (chameleon_bitopt)
contiki-wismote.a(mac-sequence.o)
                              contiki-wismote.a(nullrdc.o) (mac_sequence_is_duplicate)
/usr/lib/gcc/msp430/4.6.3/mcpu-430x/mmpy-16/libgcc.a(_udivmod32.o)
                              obj_wismote/contiki-wismote-main.o (__udivsi3)
/usr/lib/gcc/msp430/4.6.3/../../../../msp430/lib/mcpu-430x/mmpy-16/libc.a(strncmp.o)
                              contiki-wismote.a(sensors.o) (strncmp)
/usr/lib/gcc/msp430/4.6.3/../../../../msp430/lib/mcpu-430x/mmpy-16/libc.a(memcmp.o)
                              contiki-wismote.a(linkaddr.o) (memcmp)
/usr/lib/gcc/msp430/4.6.3/../../../../msp430/lib/mcpu-430x/mmpy-16/libc.a(memcpy.o)
[...]
Memory Configuration

Name             Origin             Length             Attributes
sfr              0x0000000000000000 0x0000000000000010
peripheral_8bit  0x0000000000000010 0x00000000000000f0
peripheral_16bit 0x0000000000000100 0x0000000000000100
bsl              0x0000000000001000 0x0000000000000800
infomem          0x0000000000001800 0x0000000000000200
infod            0x0000000000001800 0x0000000000000080
infoc            0x0000000000001880 0x0000000000000080
infob            0x0000000000001900 0x0000000000000080
infoa            0x0000000000001980 0x0000000000000080
ram              0x0000000000001c00 0x0000000000004000 xw
rom              0x0000000000005c00 0x000000000000a380 xr
vectors          0x000000000000ff80 0x0000000000000080
far_rom          0x0000000000010000 0x0000000000035c00
ram2             0x0000000000000000 0x0000000000000000 xw
ram_mirror       0x0000000000000000 0x0000000000000000 xw
usbram           0x0000000000000000 0x0000000000000000 xw
*default*        0x0000000000000000 0xffffffffffffffff

Linker script and memory map

LOAD /usr/lib/gcc/msp430/4.6.3/mcpu-430x/mmpy-16/crt0ivtbl64.o
LOAD example-broadcast.co
LOAD obj_wismote/contiki-wismote-main.o
LOAD contiki-wismote.a
LOAD /usr/lib/gcc/msp430/4.6.3/mcpu-430x/mmpy-16/libgcc.a
LOAD /usr/lib/gcc/msp430/4.6.3/../../../../msp430/lib/mcpu-430x/mmpy-16/libc.a
LOAD /usr/lib/gcc/msp430/4.6.3/mcpu-430x/mmpy-16/libgcc.a
LOAD /usr/lib/gcc/msp430/4.6.3/mcpu-430x/mmpy-16/libcrt0.a
                0x0000000000000080                PROVIDE (__info_segment_size, 0x80)
                0x0000000000001800                PROVIDE (__infod, 0x1800)
                0x0000000000001880                PROVIDE (__infoc, 0x1880)
                0x0000000000001900                PROVIDE (__infob, 0x1900)
                0x0000000000001980                PROVIDE (__infoa, 0x1980)
                0x0000000000000700                __ADC12CTL0_L = 0x700
                0x0000000000000701                __ADC12CTL0_H = 0x701
                0x0000000000000700                __ADC12CTL0 = 0x700
                0x0000000000000702                __ADC12CTL1_L = 0x702
                0x0000000000000703                __ADC12CTL1_H = 0x703
                0x0000000000000702                __ADC12CTL1 = 0x702
                0x0000000000000704                __ADC12CTL2_L = 0x704
                0x0000000000000705                __ADC12CTL2_H = 0x705
                0x0000000000000704                __ADC12CTL2 = 0x704
                0x000000000000070a                __ADC12IFG_L = 0x70a
                0x000000000000070b                __ADC12IFG_H = 0x70b
                0x000000000000070a                __ADC12IFG = 0x70a
                0x000000000000070c                __ADC12IE_L = 0x70c
                0x000000000000070d                __ADC12IE_H = 0x70d
                0x000000000000070c                __ADC12IE = 0x70c
                0x000000000000070e                __ADC12IV_L = 0x70e
                0x000000000000070f                __ADC12IV_H = 0x70f
                0x000000000000070e                __ADC12IV = 0x70e
                0x0000000000000720                __ADC12MEM0_L = 0x720
                0x0000000000000721                __ADC12MEM0_H = 0x721
                0x0000000000000720                __ADC12MEM0 = 0x720
                0x0000000000000722                __ADC12MEM1_L = 0x722
                0x0000000000000723                __ADC12MEM1_H = 0x723
                0x0000000000000722                __ADC12MEM1 = 0x722
                0x0000000000000724                __ADC12MEM2_L = 0x724
                0x0000000000000725                __ADC12MEM2_H = 0x725
                0x0000000000000724                __ADC12MEM2 = 0x724
                0x0000000000000726                __ADC12MEM3_L = 0x726
                0x0000000000000727                __ADC12MEM3_H = 0x727
                0x0000000000000726                __ADC12MEM3 = 0x726
                0x0000000000000728                __ADC12MEM4_L = 0x728
                0x0000000000000729                __ADC12MEM4_H = 0x729
                0x0000000000000728                __ADC12MEM4 = 0x728
                0x000000000000072a                __ADC12MEM5_L = 0x72a
                0x000000000000072b                __ADC12MEM5_H = 0x72b
                0x000000000000072a                __ADC12MEM5 = 0x72a
                0x000000000000072c                __ADC12MEM6_L = 0x72c
                0x000000000000072d                __ADC12MEM6_H = 0x72d
                0x000000000000072c                __ADC12MEM6 = 0x72c
                0x000000000000072e                __ADC12MEM7_L = 0x72e
                0x000000000000072f                __ADC12MEM7_H = 0x72f
                0x000000000000072e                __ADC12MEM7 = 0x72e
                0x0000000000000730                __ADC12MEM8_L = 0x730
                0x0000000000000731                __ADC12MEM8_H = 0x731
                0x0000000000000730                __ADC12MEM8 = 0x730
                0x0000000000000732                __ADC12MEM9_L = 0x732
                0x0000000000000733                __ADC12MEM9_H = 0x733
                0x0000000000000732                __ADC12MEM9 = 0x732
                0x0000000000000734                __ADC12MEM10_L = 0x734
                0x0000000000000735                __ADC12MEM10_H = 0x735
                0x0000000000000734                __ADC12MEM10 = 0x734
                0x0000000000000736                __ADC12MEM11_L = 0x736
                0x0000000000000737                __ADC12MEM11_H = 0x737
                0x0000000000000736                __ADC12MEM11 = 0x736
                0x0000000000000738                __ADC12MEM12_L = 0x738
                0x0000000000000739                __ADC12MEM12_H = 0x739
                0x0000000000000738                __ADC12MEM12 = 0x738
                0x000000000000073a                __ADC12MEM13_L = 0x73a
                0x000000000000073b                __ADC12MEM13_H = 0x73b
                0x000000000000073a                __ADC12MEM13 = 0x73a
                0x000000000000073c                __ADC12MEM14_L = 0x73c
                0x000000000000073d                __ADC12MEM14_H = 0x73d
                0x000000000000073c                __ADC12MEM14 = 0x73c
                0x000000000000073e                __ADC12MEM15_L = 0x73e
                0x000000000000073f                __ADC12MEM15_H = 0x73f
                0x000000000000073e                __ADC12MEM15 = 0x73e
                0x0000000000000710                __ADC12MCTL0 = 0x710
                0x0000000000000711                __ADC12MCTL1 = 0x711
                0x0000000000000712                __ADC12MCTL2 = 0x712
                0x0000000000000713                __ADC12MCTL3 = 0x713
                0x0000000000000714                __ADC12MCTL4 = 0x714
                0x0000000000000715                __ADC12MCTL5 = 0x715
                0x0000000000000716                __ADC12MCTL6 = 0x716
                0x0000000000000717                __ADC12MCTL7 = 0x717
                0x0000000000000718                __ADC12MCTL8 = 0x718
                0x0000000000000719                __ADC12MCTL9 = 0x719
                0x000000000000071a                __ADC12MCTL10 = 0x71a
                0x000000000000071b                __ADC12MCTL11 = 0x71b
                0x000000000000071c                __ADC12MCTL12 = 0x71c
                0x000000000000071d                __ADC12MCTL13 = 0x71d
                0x000000000000071e                __ADC12MCTL14 = 0x71e
                0x000000000000071f                __ADC12MCTL15 = 0x71f
                0x0000000000000150                __CRCDI_L = 0x150
                0x0000000000000151                __CRCDI_H = 0x151
                0x0000000000000150                __CRCDI = 0x150
                0x0000000000000154                __CRCINIRES_L = 0x154
                0x0000000000000155                __CRCINIRES_H = 0x155
                0x0000000000000154                __CRCINIRES = 0x154
                0x0000000000000500                __DMACTL0_L = 0x500
                0x0000000000000501                __DMACTL0_H = 0x501
                0x0000000000000500                __DMACTL0 = 0x500
                0x0000000000000502                __DMACTL1_L = 0x502
                0x0000000000000503                __DMACTL1_H = 0x503
                0x0000000000000502                __DMACTL1 = 0x502
                0x0000000000000504                __DMACTL2_L = 0x504
                0x0000000000000505                __DMACTL2_H = 0x505
                0x0000000000000504                __DMACTL2 = 0x504
                0x0000000000000506                __DMACTL3_L = 0x506
                0x0000000000000507                __DMACTL3_H = 0x507
                0x0000000000000506                __DMACTL3 = 0x506
                0x0000000000000508                __DMACTL4_L = 0x508
                0x0000000000000509                __DMACTL4_H = 0x509
                0x0000000000000508                __DMACTL4 = 0x508
                0x000000000000050e                __DMAIV_L = 0x50e
                0x000000000000050f                __DMAIV_H = 0x50f
                0x000000000000050e                __DMAIV = 0x50e
                0x0000000000000510                __DMA0CTL_L = 0x510
                0x0000000000000511                __DMA0CTL_H = 0x511
                0x0000000000000510                __DMA0CTL = 0x510
                0x0000000000000512                __DMA0SA = 0x512
                0x0000000000000516                __DMA0DA = 0x516
                0x000000000000051a                __DMA0SZ = 0x51a
                0x0000000000000520                __DMA1CTL_L = 0x520
                0x0000000000000521                __DMA1CTL_H = 0x521
                0x0000000000000520                __DMA1CTL = 0x520
                0x0000000000000522                __DMA1SA = 0x522
                0x0000000000000526                __DMA1DA = 0x526
                0x000000000000052a                __DMA1SZ = 0x52a
                0x0000000000000530                __DMA2CTL_L = 0x530
                0x0000000000000531                __DMA2CTL_H = 0x531
                0x0000000000000530                __DMA2CTL = 0x530
                0x0000000000000532                __DMA2SA = 0x532
                0x0000000000000536                __DMA2DA = 0x536
                0x000000000000053a                __DMA2SZ = 0x53a
                0x0000000000000140                __FCTL1_L = 0x140
                0x0000000000000141                __FCTL1_H = 0x141
                0x0000000000000140                __FCTL1 = 0x140
                0x0000000000000144                __FCTL3_L = 0x144
                0x0000000000000145                __FCTL3_H = 0x145
                0x0000000000000144                __FCTL3 = 0x144
                0x0000000000000146                __FCTL4_L = 0x146
                0x0000000000000147                __FCTL4_H = 0x147
                0x0000000000000146                __FCTL4 = 0x146
                0x00000000000004c0                __MPY_L = 0x4c0
                0x00000000000004c1                __MPY_H = 0x4c1
                0x00000000000004c0                __MPY = 0x4c0
                0x00000000000004c2                __MPYS_L = 0x4c2
                0x00000000000004c3                __MPYS_H = 0x4c3
                0x00000000000004c2                __MPYS = 0x4c2
                0x00000000000004c4                __MAC_L = 0x4c4
                0x00000000000004c5                __MAC_H = 0x4c5
                0x00000000000004c4                __MAC = 0x4c4
                0x00000000000004c6                __MACS_L = 0x4c6
                0x00000000000004c7                __MACS_H = 0x4c7
                0x00000000000004c6                __MACS = 0x4c6
                0x00000000000004c8                __OP2_L = 0x4c8
                0x00000000000004c9                __OP2_H = 0x4c9
                0x00000000000004c8                __OP2 = 0x4c8
                0x00000000000004ca                __RESLO_L = 0x4ca
                0x00000000000004cb                __RESLO_H = 0x4cb
                0x00000000000004ca                __RESLO = 0x4ca
                0x00000000000004cc                __RESHI_L = 0x4cc
                0x00000000000004cd                __RESHI_H = 0x4cd
                0x00000000000004cc                __RESHI = 0x4cc
                0x00000000000004ce                __SUMEXT_L = 0x4ce
                0x00000000000004cf                __SUMEXT_H = 0x4cf
                0x00000000000004ce                __SUMEXT = 0x4ce
                0x00000000000004d0                __MPY32L_L = 0x4d0
                0x00000000000004d1                __MPY32L_H = 0x4d1
                0x00000000000004d0                __MPY32L = 0x4d0
                0x00000000000004d2                __MPY32H_L = 0x4d2
                0x00000000000004d3                __MPY32H_H = 0x4d3
                0x00000000000004d2                __MPY32H = 0x4d2
                0x00000000000004d4                __MPYS32L_L = 0x4d4
                0x00000000000004d5                __MPYS32L_H = 0x4d5
                0x00000000000004d4                __MPYS32L = 0x4d4
                0x00000000000004d6                __MPYS32H_L = 0x4d6
                0x00000000000004d7                __MPYS32H_H = 0x4d7
                0x00000000000004d6                __MPYS32H = 0x4d6
                0x00000000000004d8                __MAC32L_L = 0x4d8
                0x00000000000004d9                __MAC32L_H = 0x4d9
                0x00000000000004d8                __MAC32L = 0x4d8
                0x00000000000004da                __MAC32H_L = 0x4da
                0x00000000000004db                __MAC32H_H = 0x4db
                0x00000000000004da                __MAC32H = 0x4da
                0x00000000000004dc                __MACS32L_L = 0x4dc
                0x00000000000004dd                __MACS32L_H = 0x4dd
                0x00000000000004dc                __MACS32L = 0x4dc
                0x00000000000004de                __MACS32H_L = 0x4de
                0x00000000000004df                __MACS32H_H = 0x4df
                0x00000000000004de                __MACS32H = 0x4de
                0x00000000000004e0                __OP2L_L = 0x4e0
                0x00000000000004e1                __OP2L_H = 0x4e1
                0x00000000000004e0                __OP2L = 0x4e0
                0x00000000000004e2                __OP2H_L = 0x4e2
                0x00000000000004e3                __OP2H_H = 0x4e3
                0x00000000000004e2                __OP2H = 0x4e2
                0x00000000000004e4                __RES0_L = 0x4e4
                0x00000000000004e5                __RES0_H = 0x4e5
                0x00000000000004e4                __RES0 = 0x4e4
                0x00000000000004e6                __RES1_L = 0x4e6
                0x00000000000004e7                __RES1_H = 0x4e7
                0x00000000000004e6                __RES1 = 0x4e6
                0x00000000000004e8                __RES2_L = 0x4e8
                0x00000000000004e9                __RES2_H = 0x4e9
                0x00000000000004e8                __RES2 = 0x4e8
                0x00000000000004ea                __RES3_L = 0x4ea
                0x00000000000004eb                __RES3_H = 0x4eb
                0x00000000000004ea                __RES3 = 0x4ea
                0x00000000000004ec                __MPY32CTL0_L = 0x4ec
                0x00000000000004ed                __MPY32CTL0_H = 0x4ed
                0x00000000000004ec                __MPY32CTL0 = 0x4ec
                0x0000000000000200                __PAIN_L = 0x200
                0x0000000000000201                __PAIN_H = 0x201
                0x0000000000000200                __PAIN = 0x200
                0x0000000000000202                __PAOUT_L = 0x202
                0x0000000000000203                __PAOUT_H = 0x203
                0x0000000000000202                __PAOUT = 0x202
                0x0000000000000204                __PADIR_L = 0x204
                0x0000000000000205                __PADIR_H = 0x205
                0x0000000000000204                __PADIR = 0x204
                0x0000000000000206                __PAREN_L = 0x206
                0x0000000000000207                __PAREN_H = 0x207
                0x0000000000000206                __PAREN = 0x206
                0x0000000000000208                __PADS_L = 0x208
                0x0000000000000209                __PADS_H = 0x209
                0x0000000000000208                __PADS = 0x208
                0x000000000000020a                __PASEL_L = 0x20a
                0x000000000000020b                __PASEL_H = 0x20b
                0x000000000000020a                __PASEL = 0x20a
                0x0000000000000218                __PAIES_L = 0x218
                0x0000000000000219                __PAIES_H = 0x219
                0x0000000000000218                __PAIES = 0x218
                0x000000000000021a                __PAIE_L = 0x21a
                0x000000000000021b                __PAIE_H = 0x21b
                0x000000000000021a                __PAIE = 0x21a
                0x000000000000021c                __PAIFG_L = 0x21c
                0x000000000000021d                __PAIFG_H = 0x21d
                0x000000000000021c                __PAIFG = 0x21c
                0x000000000000020e                __P1IV = 0x20e
                0x000000000000021e                __P2IV = 0x21e
                0x0000000000000220                __PBIN_L = 0x220
                0x0000000000000221                __PBIN_H = 0x221
                0x0000000000000220                __PBIN = 0x220
                0x0000000000000222                __PBOUT_L = 0x222
                0x0000000000000223                __PBOUT_H = 0x223
                0x0000000000000222                __PBOUT = 0x222
                0x0000000000000224                __PBDIR_L = 0x224
                0x0000000000000225                __PBDIR_H = 0x225
                0x0000000000000224                __PBDIR = 0x224
                0x0000000000000226                __PBREN_L = 0x226
                0x0000000000000227                __PBREN_H = 0x227
                0x0000000000000226                __PBREN = 0x226
                0x0000000000000228                __PBDS_L = 0x228
                0x0000000000000229                __PBDS_H = 0x229
                0x0000000000000228                __PBDS = 0x228
                0x000000000000022a                __PBSEL_L = 0x22a
                0x000000000000022b                __PBSEL_H = 0x22b
                0x000000000000022a                __PBSEL = 0x22a
                0x0000000000000240                __PCIN_L = 0x240
                0x0000000000000241                __PCIN_H = 0x241
                0x0000000000000240                __PCIN = 0x240
                0x0000000000000242                __PCOUT_L = 0x242
                0x0000000000000243                __PCOUT_H = 0x243
                0x0000000000000242                __PCOUT = 0x242
                0x0000000000000244                __PCDIR_L = 0x244
                0x0000000000000245                __PCDIR_H = 0x245
                0x0000000000000244                __PCDIR = 0x244
                0x0000000000000246                __PCREN_L = 0x246
                0x0000000000000247                __PCREN_H = 0x247
                0x0000000000000246                __PCREN = 0x246
                0x0000000000000248                __PCDS_L = 0x248
                0x0000000000000249                __PCDS_H = 0x249
                0x0000000000000248                __PCDS = 0x248
                0x000000000000024a                __PCSEL_L = 0x24a
                0x000000000000024b                __PCSEL_H = 0x24b
                0x000000000000024a                __PCSEL = 0x24a
                0x0000000000000260                __PDIN_L = 0x260
                0x0000000000000261                __PDIN_H = 0x261
                0x0000000000000260                __PDIN = 0x260
                0x0000000000000262                __PDOUT_L = 0x262
                0x0000000000000263                __PDOUT_H = 0x263
                0x0000000000000262                __PDOUT = 0x262
                0x0000000000000264                __PDDIR_L = 0x264
                0x0000000000000265                __PDDIR_H = 0x265
                0x0000000000000264                __PDDIR = 0x264
                0x0000000000000266                __PDREN_L = 0x266
                0x0000000000000267                __PDREN_H = 0x267
                0x0000000000000266                __PDREN = 0x266
                0x0000000000000268                __PDDS_L = 0x268
                0x0000000000000269                __PDDS_H = 0x269
                0x0000000000000268                __PDDS = 0x268
                0x000000000000026a                __PDSEL_L = 0x26a
                0x000000000000026b                __PDSEL_H = 0x26b
                0x000000000000026a                __PDSEL = 0x26a
                0x0000000000000280                __PEIN_L = 0x280
                0x0000000000000281                __PEIN_H = 0x281
                0x0000000000000280                __PEIN = 0x280
                0x0000000000000282                __PEOUT_L = 0x282
                0x0000000000000283                __PEOUT_H = 0x283
                0x0000000000000282                __PEOUT = 0x282
                0x0000000000000284                __PEDIR_L = 0x284
                0x0000000000000285                __PEDIR_H = 0x285
                0x0000000000000284                __PEDIR = 0x284
                0x0000000000000286                __PEREN_L = 0x286
                0x0000000000000287                __PEREN_H = 0x287
                0x0000000000000286                __PEREN = 0x286
                0x0000000000000288                __PEDS_L = 0x288
                0x0000000000000289                __PEDS_H = 0x289
                0x0000000000000288                __PEDS = 0x288
                0x000000000000028a                __PESEL_L = 0x28a
                0x000000000000028b                __PESEL_H = 0x28b
                0x000000000000028a                __PESEL = 0x28a
                0x00000000000002a0                __PFIN_L = 0x2a0
                0x00000000000002a1                __PFIN_H = 0x2a1
                0x00000000000002a0                __PFIN = 0x2a0
                0x00000000000002a2                __PFOUT_L = 0x2a2
                0x00000000000002a3                __PFOUT_H = 0x2a3
                0x00000000000002a2                __PFOUT = 0x2a2
                0x00000000000002a4                __PFDIR_L = 0x2a4
                0x00000000000002a5                __PFDIR_H = 0x2a5
                0x00000000000002a4                __PFDIR = 0x2a4
                0x00000000000002a6                __PFREN_L = 0x2a6
                0x00000000000002a7                __PFREN_H = 0x2a7
                0x00000000000002a6                __PFREN = 0x2a6
                0x00000000000002a8                __PFDS_L = 0x2a8
                0x00000000000002a9                __PFDS_H = 0x2a9
                0x00000000000002a8                __PFDS = 0x2a8
                0x00000000000002aa                __PFSEL_L = 0x2aa
                0x00000000000002ab                __PFSEL_H = 0x2ab
                0x00000000000002aa                __PFSEL = 0x2aa
                0x0000000000000320                __PJIN_L = 0x320
                0x0000000000000321                __PJIN_H = 0x321
                0x0000000000000320                __PJIN = 0x320
                0x0000000000000322                __PJOUT_L = 0x322
                0x0000000000000323                __PJOUT_H = 0x323
                0x0000000000000322                __PJOUT = 0x322
                0x0000000000000324                __PJDIR_L = 0x324
                0x0000000000000325                __PJDIR_H = 0x325
                0x0000000000000324                __PJDIR = 0x324
                0x0000000000000326                __PJREN_L = 0x326
                0x0000000000000327                __PJREN_H = 0x327
                0x0000000000000326                __PJREN = 0x326
                0x0000000000000328                __PJDS_L = 0x328
                0x0000000000000329                __PJDS_H = 0x329
                0x0000000000000328                __PJDS = 0x328
                0x0000000000000120                __PMMCTL0_L = 0x120
                0x0000000000000121                __PMMCTL0_H = 0x121
                0x0000000000000120                __PMMCTL0 = 0x120
                0x0000000000000122                __PMMCTL1_L = 0x122
                0x0000000000000123                __PMMCTL1_H = 0x123
                0x0000000000000122                __PMMCTL1 = 0x122
                0x0000000000000124                __SVSMHCTL_L = 0x124
                0x0000000000000125                __SVSMHCTL_H = 0x125
                0x0000000000000124                __SVSMHCTL = 0x124
                0x0000000000000126                __SVSMLCTL_L = 0x126
                0x0000000000000127                __SVSMLCTL_H = 0x127
                0x0000000000000126                __SVSMLCTL = 0x126
                0x0000000000000128                __SVSMIO_L = 0x128
                0x0000000000000129                __SVSMIO_H = 0x129
                0x0000000000000128                __SVSMIO = 0x128
                0x000000000000012c                __PMMIFG_L = 0x12c
                0x000000000000012d                __PMMIFG_H = 0x12d
                0x000000000000012c                __PMMIFG = 0x12c
                0x000000000000012e                __PMMRIE_L = 0x12e
                0x000000000000012f                __PMMRIE_H = 0x12f
                0x000000000000012e                __PMMRIE = 0x12e
                0x0000000000000158                __RCCTL0_L = 0x158
                0x0000000000000159                __RCCTL0_H = 0x159
                0x0000000000000158                __RCCTL0 = 0x158
                0x00000000000004a0                __RTCCTL01_L = 0x4a0
                0x00000000000004a1                __RTCCTL01_H = 0x4a1
                0x00000000000004a0                __RTCCTL01 = 0x4a0
                0x00000000000004a2                __RTCCTL23_L = 0x4a2
                0x00000000000004a3                __RTCCTL23_H = 0x4a3
                0x00000000000004a2                __RTCCTL23 = 0x4a2
                0x00000000000004a8                __RTCPS0CTL_L = 0x4a8
                0x00000000000004a9                __RTCPS0CTL_H = 0x4a9
                0x00000000000004a8                __RTCPS0CTL = 0x4a8
                0x00000000000004aa                __RTCPS1CTL_L = 0x4aa
                0x00000000000004ab                __RTCPS1CTL_H = 0x4ab
                0x00000000000004aa                __RTCPS1CTL = 0x4aa
                0x00000000000004ac                __RTCPS_L = 0x4ac
                0x00000000000004ad                __RTCPS_H = 0x4ad
                0x00000000000004ac                __RTCPS = 0x4ac
                0x00000000000004ae                __RTCIV = 0x4ae
                0x00000000000004b0                __RTCTIM0_L = 0x4b0
                0x00000000000004b1                __RTCTIM0_H = 0x4b1
                0x00000000000004b0                __RTCTIM0 = 0x4b0
                0x00000000000004b2                __RTCTIM1_L = 0x4b2
                0x00000000000004b3                __RTCTIM1_H = 0x4b3
                0x00000000000004b2                __RTCTIM1 = 0x4b2
                0x00000000000004b4                __RTCDATE_L = 0x4b4
                0x00000000000004b5                __RTCDATE_H = 0x4b5
                0x00000000000004b4                __RTCDATE = 0x4b4
                0x00000000000004b6                __RTCYEAR_L = 0x4b6
                0x00000000000004b7                __RTCYEAR_H = 0x4b7
                0x00000000000004b6                __RTCYEAR = 0x4b6
                0x00000000000004b8                __RTCAMINHR_L = 0x4b8
                0x00000000000004b9                __RTCAMINHR_H = 0x4b9
                0x00000000000004b8                __RTCAMINHR = 0x4b8
                0x00000000000004ba                __RTCADOWDAY_L = 0x4ba
                0x00000000000004bb                __RTCADOWDAY_H = 0x4bb
                0x00000000000004ba                __RTCADOWDAY = 0x4ba
                0x0000000000000100                __SFRIE1_L = 0x100
                0x0000000000000101                __SFRIE1_H = 0x101
                0x0000000000000100                __SFRIE1 = 0x100
                0x0000000000000102                __SFRIFG1_L = 0x102
                0x0000000000000103                __SFRIFG1_H = 0x103
                0x0000000000000102                __SFRIFG1 = 0x102
                0x0000000000000104                __SFRRPCR_L = 0x104
                0x0000000000000105                __SFRRPCR_H = 0x105
                0x0000000000000104                __SFRRPCR = 0x104
                0x0000000000000180                __SYSCTL_L = 0x180
                0x0000000000000181                __SYSCTL_H = 0x181
                0x0000000000000180                __SYSCTL = 0x180
                0x0000000000000182                __SYSBSLC_L = 0x182
                0x0000000000000183                __SYSBSLC_H = 0x183
                0x0000000000000182                __SYSBSLC = 0x182
                0x0000000000000186                __SYSJMBC_L = 0x186
                0x0000000000000187                __SYSJMBC_H = 0x187
                0x0000000000000186                __SYSJMBC = 0x186
                0x0000000000000188                __SYSJMBI0_L = 0x188
                0x0000000000000189                __SYSJMBI0_H = 0x189
                0x0000000000000188                __SYSJMBI0 = 0x188
                0x000000000000018a                __SYSJMBI1_L = 0x18a
                0x000000000000018b                __SYSJMBI1_H = 0x18b
                0x000000000000018a                __SYSJMBI1 = 0x18a
                0x000000000000018c                __SYSJMBO0_L = 0x18c
                0x000000000000018d                __SYSJMBO0_H = 0x18d
                0x000000000000018c                __SYSJMBO0 = 0x18c
                0x000000000000018e                __SYSJMBO1_L = 0x18e
                0x000000000000018f                __SYSJMBO1_H = 0x18f
                0x000000000000018e                __SYSJMBO1 = 0x18e
                0x000000000000019a                __SYSUNIV_L = 0x19a
                0x000000000000019b                __SYSUNIV_H = 0x19b
                0x000000000000019a                __SYSUNIV = 0x19a
                0x000000000000019c                __SYSSNIV_L = 0x19c
                0x000000000000019d                __SYSSNIV_H = 0x19d
                0x000000000000019c                __SYSSNIV = 0x19c
                0x000000000000019e                __SYSRSTIV_L = 0x19e
                0x000000000000019f                __SYSRSTIV_H = 0x19f
                0x000000000000019e                __SYSRSTIV = 0x19e
                0x0000000000000340                __TA0CTL = 0x340
                0x0000000000000342                __TA0CCTL0 = 0x342
                0x0000000000000344                __TA0CCTL1 = 0x344
                0x0000000000000346                __TA0CCTL2 = 0x346
                0x0000000000000348                __TA0CCTL3 = 0x348
                0x000000000000034a                __TA0CCTL4 = 0x34a
                0x0000000000000350                __TA0R = 0x350
                0x0000000000000352                __TA0CCR0 = 0x352
                0x0000000000000354                __TA0CCR1 = 0x354
                0x0000000000000356                __TA0CCR2 = 0x356
                0x0000000000000358                __TA0CCR3 = 0x358
                0x000000000000035a                __TA0CCR4 = 0x35a
                0x000000000000036e                __TA0IV = 0x36e
                0x0000000000000360                __TA0EX0 = 0x360
                0x0000000000000380                __TA1CTL = 0x380
                0x0000000000000382                __TA1CCTL0 = 0x382
                0x0000000000000384                __TA1CCTL1 = 0x384
                0x0000000000000386                __TA1CCTL2 = 0x386
                0x0000000000000390                __TA1R = 0x390
                0x0000000000000392                __TA1CCR0 = 0x392
                0x0000000000000394                __TA1CCR1 = 0x394
                0x0000000000000396                __TA1CCR2 = 0x396
                0x00000000000003ae                __TA1IV = 0x3ae
                0x00000000000003a0                __TA1EX0 = 0x3a0
                0x00000000000003c0                __TB0CTL = 0x3c0
                0x00000000000003c2                __TB0CCTL0 = 0x3c2
                0x00000000000003c4                __TB0CCTL1 = 0x3c4
                0x00000000000003c6                __TB0CCTL2 = 0x3c6
                0x00000000000003c8                __TB0CCTL3 = 0x3c8
                0x00000000000003ca                __TB0CCTL4 = 0x3ca
                0x00000000000003cc                __TB0CCTL5 = 0x3cc
                0x00000000000003ce                __TB0CCTL6 = 0x3ce
                0x00000000000003d0                __TB0R = 0x3d0
                0x00000000000003d2                __TB0CCR0 = 0x3d2
                0x00000000000003d4                __TB0CCR1 = 0x3d4
                0x00000000000003d6                __TB0CCR2 = 0x3d6
                0x00000000000003d8                __TB0CCR3 = 0x3d8
                0x00000000000003da                __TB0CCR4 = 0x3da
                0x00000000000003dc                __TB0CCR5 = 0x3dc
                0x00000000000003de                __TB0CCR6 = 0x3de
                0x00000000000003e0                __TB0EX0 = 0x3e0
                0x00000000000003ee                __TB0IV = 0x3ee
                0x0000000000000160                __UCSCTL0_L = 0x160
                0x0000000000000161                __UCSCTL0_H = 0x161
                0x0000000000000160                __UCSCTL0 = 0x160
                0x0000000000000162                __UCSCTL1_L = 0x162
                0x0000000000000163                __UCSCTL1_H = 0x163
                0x0000000000000162                __UCSCTL1 = 0x162
                0x0000000000000164                __UCSCTL2_L = 0x164
                0x0000000000000165                __UCSCTL2_H = 0x165
                0x0000000000000164                __UCSCTL2 = 0x164
                0x0000000000000166                __UCSCTL3_L = 0x166
                0x0000000000000167                __UCSCTL3_H = 0x167
                0x0000000000000166                __UCSCTL3 = 0x166
                0x0000000000000168                __UCSCTL4_L = 0x168
                0x0000000000000169                __UCSCTL4_H = 0x169
                0x0000000000000168                __UCSCTL4 = 0x168
                0x000000000000016a                __UCSCTL5_L = 0x16a
                0x000000000000016b                __UCSCTL5_H = 0x16b
                0x000000000000016a                __UCSCTL5 = 0x16a
                0x000000000000016c                __UCSCTL6_L = 0x16c
                0x000000000000016d                __UCSCTL6_H = 0x16d
                0x000000000000016c                __UCSCTL6 = 0x16c
                0x000000000000016e                __UCSCTL7_L = 0x16e
                0x000000000000016f                __UCSCTL7_H = 0x16f
                0x000000000000016e                __UCSCTL7 = 0x16e
                0x0000000000000170                __UCSCTL8_L = 0x170
                0x0000000000000171                __UCSCTL8_H = 0x171
                0x0000000000000170                __UCSCTL8 = 0x170
                0x00000000000005c0                __UCA0CTLW0_L = 0x5c0
                0x00000000000005c1                __UCA0CTLW0_H = 0x5c1
                0x00000000000005c0                __UCA0CTLW0 = 0x5c0
                0x00000000000005c6                __UCA0BRW_L = 0x5c6
                0x00000000000005c7                __UCA0BRW_H = 0x5c7
                0x00000000000005c6                __UCA0BRW = 0x5c6
                0x00000000000005c8                __UCA0MCTL = 0x5c8
                0x00000000000005ca                __UCA0STAT = 0x5ca
                0x00000000000005cc                __UCA0RXBUF = 0x5cc
                0x00000000000005ce                __UCA0TXBUF = 0x5ce
                0x00000000000005d0                __UCA0ABCTL = 0x5d0
                0x00000000000005d2                __UCA0IRCTL_L = 0x5d2
                0x00000000000005d3                __UCA0IRCTL_H = 0x5d3
                0x00000000000005d2                __UCA0IRCTL = 0x5d2
                0x00000000000005dc                __UCA0ICTL_L = 0x5dc
                0x00000000000005dd                __UCA0ICTL_H = 0x5dd
                0x00000000000005dc                __UCA0ICTL = 0x5dc
                0x00000000000005de                __UCA0IV = 0x5de
                0x00000000000005e0                __UCB0CTLW0_L = 0x5e0
                0x00000000000005e1                __UCB0CTLW0_H = 0x5e1
                0x00000000000005e0                __UCB0CTLW0 = 0x5e0
                0x00000000000005e6                __UCB0BRW_L = 0x5e6
                0x00000000000005e7                __UCB0BRW_H = 0x5e7
                0x00000000000005e6                __UCB0BRW = 0x5e6
                0x00000000000005ea                __UCB0STAT = 0x5ea
                0x00000000000005ec                __UCB0RXBUF = 0x5ec
                0x00000000000005ee                __UCB0TXBUF = 0x5ee
                0x00000000000005f0                __UCB0I2COA_L = 0x5f0
                0x00000000000005f1                __UCB0I2COA_H = 0x5f1
                0x00000000000005f0                __UCB0I2COA = 0x5f0
                0x00000000000005f2                __UCB0I2CSA_L = 0x5f2
                0x00000000000005f3                __UCB0I2CSA_H = 0x5f3
                0x00000000000005f2                __UCB0I2CSA = 0x5f2
                0x00000000000005fc                __UCB0ICTL_L = 0x5fc
                0x00000000000005fd                __UCB0ICTL_H = 0x5fd
                0x00000000000005fc                __UCB0ICTL = 0x5fc
                0x00000000000005fe                __UCB0IV = 0x5fe
                0x0000000000000600                __UCA1CTLW0_L = 0x600
                0x0000000000000601                __UCA1CTLW0_H = 0x601
                0x0000000000000600                __UCA1CTLW0 = 0x600
                0x0000000000000606                __UCA1BRW_L = 0x606
                0x0000000000000607                __UCA1BRW_H = 0x607
                0x0000000000000606                __UCA1BRW = 0x606
                0x0000000000000608                __UCA1MCTL = 0x608
                0x000000000000060a                __UCA1STAT = 0x60a
                0x000000000000060c                __UCA1RXBUF = 0x60c
                0x000000000000060e                __UCA1TXBUF = 0x60e
                0x0000000000000610                __UCA1ABCTL = 0x610
                0x0000000000000612                __UCA1IRCTL_L = 0x612
                0x0000000000000613                __UCA1IRCTL_H = 0x613
                0x0000000000000612                __UCA1IRCTL = 0x612
                0x000000000000061c                __UCA1ICTL_L = 0x61c
                0x000000000000061d                __UCA1ICTL_H = 0x61d
                0x000000000000061c                __UCA1ICTL = 0x61c
                0x000000000000061e                __UCA1IV = 0x61e
                0x0000000000000620                __UCB1CTLW0_L = 0x620
                0x0000000000000621                __UCB1CTLW0_H = 0x621
                0x0000000000000620                __UCB1CTLW0 = 0x620
                0x0000000000000626                __UCB1BRW_L = 0x626
                0x0000000000000627                __UCB1BRW_H = 0x627
                0x0000000000000626                __UCB1BRW = 0x626
                0x000000000000062a                __UCB1STAT = 0x62a
                0x000000000000062c                __UCB1RXBUF = 0x62c
                0x000000000000062e                __UCB1TXBUF = 0x62e
                0x0000000000000630                __UCB1I2COA_L = 0x630
                0x0000000000000631                __UCB1I2COA_H = 0x631
                0x0000000000000630                __UCB1I2COA = 0x630
                0x0000000000000632                __UCB1I2CSA_L = 0x632
                0x0000000000000633                __UCB1I2CSA_H = 0x633
                0x0000000000000632                __UCB1I2CSA = 0x632
                0x000000000000063c                __UCB1ICTL_L = 0x63c
                0x000000000000063d                __UCB1ICTL_H = 0x63d
                0x000000000000063c                __UCB1ICTL = 0x63c
                0x000000000000063e                __UCB1IV = 0x63e
                0x000000000000015c                __WDTCTL_L = 0x15c
                0x000000000000015d                __WDTCTL_H = 0x15d
                0x000000000000015c                __WDTCTL = 0x15c

.hash
 *(.hash)

.dynsym
 *(.dynsym)

.dynstr
 *(.dynstr)

.gnu.version
 *(.gnu.version)

.gnu.version_d
 *(.gnu.version_d)

.gnu.version_r
 *(.gnu.version_r)

.rel.init
 *(.rel.init)

.rela.init
 *(.rela.init)

.rel.fini
 *(.rel.fini)

.rela.fini
 *(.rela.fini)

.rel.text
 *(.rel.text .rel.text.* .rel.gnu.linkonce.t.*)

.rela.text
 *(.rela.text .rela.text.* .rela.gnu.linkonce.t.*)

.rel.rodata
 *(.rel.rodata .rel.rodata.* .rel.gnu.linkonce.r.*)

.rela.rodata
 *(.rela.rodata .rela.rodata.* .rela.gnu.linkonce.r.*)

.rel.data
 *(.rel.data .rel.data.* .rel.gnu.linkonce.d.*)

.rela.data
 *(.rela.data .rela.data.* .rela.gnu.linkonce.d.*)

.rel.bss
 *(.rel.bss .rel.bss.* .rel.gnu.linkonce.b.*)

.rela.bss
 *(.rela.bss .rela.bss.* .rela.gnu.linkonce.b.*)

.rel.ctors
 *(.rel.ctors)

.rela.ctors
 *(.rela.ctors)

.rel.dtors
 *(.rel.dtors)

.rela.dtors
 *(.rela.dtors)

.rel.got
 *(.rel.got)

.rela.got
 *(.rela.got)

.rel.plt
 *(.rel.plt)

.rela.plt
 *(.rela.plt)

.text           0x0000000000005c00     0x3fd0
                0x0000000000005c00                . = ALIGN (0x2)
 *(.init .init.*)
 *(.init0)
 .init0         0x0000000000005c00        0x0 /usr/lib/gcc/msp430/4.6.3/mcpu-430x/mmpy-16/libcrt0.a(_reset_vector__.o)
                0x0000000000005c00                _reset_vector__
 *(.init1)
 .init1         0x0000000000005c00        0xc /usr/lib/gcc/msp430/4.6.3/mcpu-430x/mmpy-16/libcrt0.a(__watchdog_support.o)
                0x0000000000005c00                __watchdog_support
 *(.init2)
 .init2         0x0000000000005c0c        0x4 /usr/lib/gcc/msp430/4.6.3/mcpu-430x/mmpy-16/libcrt0.a(__init_stack.o)
                0x0000000000005c0c                __init_stack
 *(.init3)
 .init3         0x0000000000005c10        0x0 /usr/lib/gcc/msp430/4.6.3/mcpu-430x/mmpy-16/libcrt0.a(__low_level_init.o)
                0x0000000000005c10                __low_level_init
 *(.init4)
 .init4         0x0000000000005c10       0x18 /usr/lib/gcc/msp430/4.6.3/mcpu-430x/mmpy-16/libcrt0.a(_copy_data.o)
                0x0000000000005c10                __do_copy_data
 .init4         0x0000000000005c28       0x16 /usr/lib/gcc/msp430/4.6.3/mcpu-430x/mmpy-16/libcrt0.a(_clear_bss.o)
                0x0000000000005c28                __do_clear_bss
 *(.init5)
 *(.init6)
 *(.init7)
 *(.init8)
 *(.init9)
 .init9         0x0000000000005c3e      0x2b8 obj_wismote/contiki-wismote-main.o
                0x0000000000005c3e                main
 *(.fini9)
 .fini9         0x0000000000005ef6        0x0 /usr/lib/gcc/msp430/4.6.3/mcpu-430x/mmpy-16/libcrt0.a(__stop_progExec__.o)
                0x0000000000005ef6                __stop_progExec__
 *(.fini8)
 *(.fini7)
 *(.fini6)
 *(.fini5)
 *(.fini4)
 *(.fini3)
 *(.fini2)
 *(.fini1)
 *(.fini0)
 .fini0         0x0000000000005ef6        0x6 /usr/lib/gcc/msp430/4.6.3/mcpu-430x/mmpy-16/libcrt0.a(_endless_loop__.o)
                0x0000000000005ef6                _endless_loop__
 *(.fini .fini.*)
                0x0000000000005efc                . = ALIGN (0x2)
                0x0000000000005efc                __ctors_start = .
 *(.ctors)
                0x0000000000005efc                __ctors_end = .
                0x0000000000005efc                __dtors_start = .
 *(.dtors)
                0x0000000000005efc                __dtors_end = .
                0x0000000000005efc                . = ALIGN (0x2)
 *(.text .text.* .gnu.linkonce.t.*)
 .text          0x0000000000005efc        0x4 /usr/lib/gcc/msp430/4.6.3/mcpu-430x/mmpy-16/crt0ivtbl64.o
                0x0000000000005efc                __isr_37
                0x0000000000005efc                __isr_51
                0x0000000000005efc                __isr_57
                0x0000000000005efc                __isr_33
                0x0000000000005efc                __isr_32
                0x0000000000005efc                __isr_54
                0x0000000000005efc                __isr_59
                0x0000000000005efc                __isr_39
                0x0000000000005efc                __isr_53
                0x0000000000005efc                __isr_41
                0x0000000000005efc                __isr_60
                0x0000000000005efc                __isr_36
                0x0000000000005efc                __isr_34
                0x0000000000005efc                __isr_44
                0x0000000000005efc                __isr_61
                0x0000000000005efc                __isr_55
                0x0000000000005efc                __isr_43
                0x0000000000005efc                __isr_50
                0x0000000000005efc                __isr_56
                0x0000000000005efc                __isr_38
                0x0000000000005efc                __isr_35
                0x0000000000005efc                __isr_45
                0x0000000000005efc                __isr_62
                0x0000000000005efc                __isr_52
                0x0000000000005efc                __isr_40
 .text.process_thread_example_broadcast_process
                0x0000000000005f00       0x92 example-broadcast.co
 .text.broadcast_recv
                0x0000000000005f92       0x22 example-broadcast.co
 .text.init_platform
                0x0000000000005fb4        0xc contiki-wismote.a(contiki-wismote)
                0x0000000000005fb4                init_platform
 .text.status   0x0000000000005fc0       0x16 contiki-wismote.a(button-sensor.o)
 .text.configure
                0x0000000000005fd6       0x52 contiki-wismote.a(button-sensor.o)
 .text.value    0x0000000000006028       0x22 contiki-wismote.a(button-sensor.o)
 .text.irq_p2   0x000000000000604a       0x76 contiki-wismote.a(button-sensor.o)
                0x000000000000604a                irq_p2
                0x000000000000604a                __isr_42
 .text.xmem_init
                0x00000000000060c0       0x66 contiki-wismote.a(xmem.o)
                0x00000000000060c0                xmem_init
 .text.process_thread_sensors_process
                0x0000000000006126       0xbe contiki-wismote.a(sensors.o)
 .text.sensors_changed
                0x00000000000061e4       0x2a contiki-wismote.a(sensors.o)
                0x00000000000061e4                sensors_changed
 .text.get_value
                0x000000000000620e       0x4a contiki-wismote.a(cc2520.o)
 .text.get_object
                0x0000000000006258        0x4 contiki-wismote.a(cc2520.o)
 .text.set_object
                0x000000000000625c        0x4 contiki-wismote.a(cc2520.o)
 .text.cc2520_receiving_packet
                0x0000000000006260        0x8 contiki-wismote.a(cc2520.o)
 .text.pending_packet
                0x0000000000006268       0x10 contiki-wismote.a(cc2520.o)
 .text.status   0x0000000000006278       0x5a contiki-wismote.a(cc2520.o)
 .text.strobe   0x00000000000062d2       0x56 contiki-wismote.a(cc2520.o)
 .text.on       0x0000000000006328       0x42 contiki-wismote.a(cc2520.o)
 .text.flushrx  0x000000000000636a      0x10c contiki-wismote.a(cc2520.o)
 .text.off      0x0000000000006476       0x70 contiki-wismote.a(cc2520.o)
 .text.RELEASE_LOCK
                0x00000000000064e6       0x28 contiki-wismote.a(cc2520.o)
 .text.getrxdata
                0x000000000000650e       0x88 contiki-wismote.a(cc2520.o)
 .text.setreg   0x0000000000006596       0x78 contiki-wismote.a(cc2520.o)
 .text.getreg   0x000000000000660e       0x84 contiki-wismote.a(cc2520.o)
 .text.cc2520_prepare
                0x0000000000006692      0x102 contiki-wismote.a(cc2520.o)
 .text.cc2520_on
                0x0000000000006794       0x22 contiki-wismote.a(cc2520.o)
                0x0000000000006794                cc2520_on
 .text.cc2520_off
                0x00000000000067b6       0x30 contiki-wismote.a(cc2520.o)
                0x00000000000067b6                cc2520_off
 .text.cc2520_cca
                0x00000000000067e6       0x72 contiki-wismote.a(cc2520.o)
 .text.cc2520_read
                0x0000000000006858      0x10e contiki-wismote.a(cc2520.o)
 .text.process_thread_cc2520_process
                0x0000000000006966       0x60 contiki-wismote.a(cc2520.o)
 .text.cc2520_set_channel
                0x00000000000069c6       0x70 contiki-wismote.a(cc2520.o)
                0x00000000000069c6                cc2520_set_channel
 .text.set_value
                0x0000000000006a36       0x40 contiki-wismote.a(cc2520.o)
 .text.cc2520_set_pan_addr
                0x0000000000006a76      0x1ce contiki-wismote.a(cc2520.o)
                0x0000000000006a76                cc2520_set_pan_addr
 .text.cc2520_init
                0x0000000000006c44      0x17c contiki-wismote.a(cc2520.o)
                0x0000000000006c44                cc2520_init
 .text.cc2520_interrupt
                0x0000000000006dc0       0x24 contiki-wismote.a(cc2520.o)
                0x0000000000006dc0                cc2520_interrupt
 .text.cc2520_get_txpower
                0x0000000000006de4       0x1a contiki-wismote.a(cc2520.o)
                0x0000000000006de4                cc2520_get_txpower
 .text.cc2520_transmit
                0x0000000000006dfe      0x1d8 contiki-wismote.a(cc2520.o)
 .text.cc2520_send
                0x0000000000006fd6       0x12 contiki-wismote.a(cc2520.o)
 .text.cc2520_port1_interrupt
                0x0000000000006fe8       0x4e contiki-wismote.a(cc2520-arch.o)
                0x0000000000006fe8                __isr_47
                0x0000000000006fe8                cc2520_port1_interrupt
 .text.cc2520_arch_init
                0x0000000000007036       0x4a contiki-wismote.a(cc2520-arch.o)
                0x0000000000007036                cc2520_arch_init
 .text.uart1_active
                0x0000000000007080        0xe contiki-wismote.a(uart1.o)
                0x0000000000007080                uart1_active
 .text.uart1_set_input
                0x000000000000708e        0x6 contiki-wismote.a(uart1.o)
                0x000000000000708e                uart1_set_input
 .text.uart1_writeb
                0x0000000000007094       0x18 contiki-wismote.a(uart1.o)
                0x0000000000007094                uart1_writeb
 .text.uart1_init
                0x00000000000070ac       0x6a contiki-wismote.a(uart1.o)
                0x00000000000070ac                uart1_init
 .text.uart1_rx_interrupt
                0x0000000000007116       0x6e contiki-wismote.a(uart1.o)
                0x0000000000007116                __isr_46
                0x0000000000007116                uart1_rx_interrupt
 .text.putchar  0x0000000000007184       0x10 contiki-wismote.a(uart1-putchar.o)
                0x0000000000007184                putchar
 .text.msp430_init_dco
                0x0000000000007194       0x20 contiki-wismote.a(msp430.o)
                0x0000000000007194                msp430_init_dco
 .text.msp430_cpu_init
                0x00000000000071b4       0x82 contiki-wismote.a(msp430.o)
                0x00000000000071b4                msp430_cpu_init
 .text.splhigh_
                0x0000000000007236        0x8 contiki-wismote.a(msp430.o)
                0x0000000000007236                splhigh_
 .text.timera1  0x000000000000723e       0xf8 contiki-wismote.a(clock.o)
                0x000000000000723e                __isr_48
                0x000000000000723e                timera1
 .text.clock_time
                0x0000000000007336       0x1a contiki-wismote.a(clock.o)
                0x0000000000007336                clock_time
 .text.clock_init
                0x0000000000007350       0x28 contiki-wismote.a(clock.o)
                0x0000000000007350                clock_init
 .text.clock_delay
                0x0000000000007378        0xc contiki-wismote.a(clock.o)
                0x0000000000007378                clock_delay
 .text.clock_wait
                0x0000000000007384       0x28 contiki-wismote.a(clock.o)
                0x0000000000007384                clock_wait
 .text.show_leds
                0x00000000000073ac       0xee contiki-wismote.a(leds.o)
 .text.leds_init
                0x000000000000749a        0xa contiki-wismote.a(leds.o)
                0x000000000000749a                leds_init
 .text.leds_on  0x00000000000074a4        0xa contiki-wismote.a(leds.o)
                0x00000000000074a4                leds_on
 .text.leds_off
                0x00000000000074ae        0xe contiki-wismote.a(leds.o)
                0x00000000000074ae                leds_off
 .text.leds_arch_init
                0x00000000000074bc       0x22 contiki-wismote.a(leds-arch.o)
                0x00000000000074bc                leds_arch_init
 .text.leds_arch_set
                0x00000000000074de       0x50 contiki-wismote.a(leds-arch.o)
                0x00000000000074de                leds_arch_set
 .text.watchdog_interrupt
                0x000000000000752e        0x6 contiki-wismote.a(watchdog.o)
                0x000000000000752e                watchdog_interrupt
                0x000000000000752e                __isr_58
 .text.watchdog_start
                0x0000000000007534       0x14 contiki-wismote.a(watchdog.o)
                0x0000000000007534                watchdog_start
 .text.watchdog_periodic
                0x0000000000007548       0x12 contiki-wismote.a(watchdog.o)
                0x0000000000007548                watchdog_periodic
 .text.watchdog_stop
                0x000000000000755a       0x16 contiki-wismote.a(watchdog.o)
                0x000000000000755a                watchdog_stop
 .text.watchdog_init
                0x0000000000007570       0x14 contiki-wismote.a(watchdog.o)
                0x0000000000007570                watchdog_init
 .text.rtimer_arch_init
                0x0000000000007584        0xe contiki-wismote.a(rtimer-arch.o)
                0x0000000000007584                rtimer_arch_init
 .text.rtimer_arch_now
                0x0000000000007592        0xe contiki-wismote.a(rtimer-arch.o)
                0x0000000000007592                rtimer_arch_now
 .text.timera0  0x00000000000075a0       0x5c contiki-wismote.a(rtimer-arch.o)
                0x00000000000075a0                __isr_49
                0x00000000000075a0                timera0
 .text.rtimer_arch_schedule
                0x00000000000075fc        0x6 contiki-wismote.a(rtimer-arch.o)
                0x00000000000075fc                rtimer_arch_schedule
 .text.autostart_start
                0x0000000000007602       0x16 contiki-wismote.a(autostart.o)
                0x0000000000007602                autostart_start
 .text.energest_init
                0x0000000000007618       0x28 contiki-wismote.a(energest.o)
                0x0000000000007618                energest_init
 .text.energest_type_time
                0x0000000000007640       0x3c contiki-wismote.a(energest.o)
                0x0000000000007640                energest_type_time
 .text.energest_type_set
                0x000000000000767c        0xc contiki-wismote.a(energest.o)
                0x000000000000767c                energest_type_set
 .text.energest_flush
                0x0000000000007688       0x38 contiki-wismote.a(energest.o)
                0x0000000000007688                energest_flush
 .text.process_thread_ctimer_process
                0x00000000000076c0       0x9c contiki-wismote.a(ctimer.o)
 .text.ctimer_init
                0x000000000000775c       0x18 contiki-wismote.a(ctimer.o)
                0x000000000000775c                ctimer_init
 .text.ctimer_set_with_process
                0x0000000000007774       0x4e contiki-wismote.a(ctimer.o)
                0x0000000000007774                ctimer_set_with_process
 .text.ctimer_set
                0x00000000000077c2       0x10 contiki-wismote.a(ctimer.o)
                0x00000000000077c2                ctimer_set
 .text.update_time
                0x00000000000077d2       0x70 contiki-wismote.a(etimer.o)
 .text.etimer_request_poll
                0x0000000000007842        0xa contiki-wismote.a(etimer.o)
                0x0000000000007842                etimer_request_poll
 .text.process_thread_etimer_process
                0x000000000000784c       0xc0 contiki-wismote.a(etimer.o)
 .text.add_timer
                0x000000000000790c       0x40 contiki-wismote.a(etimer.o)
 .text.etimer_set
                0x000000000000794c       0x12 contiki-wismote.a(etimer.o)
                0x000000000000794c                etimer_set
 .text.etimer_expired
                0x000000000000795e        0xe contiki-wismote.a(etimer.o)
                0x000000000000795e                etimer_expired
 .text.etimer_pending
                0x000000000000796c        0xc contiki-wismote.a(etimer.o)
                0x000000000000796c                etimer_pending
 .text.etimer_next_expiration_time
                0x0000000000007978       0x16 contiki-wismote.a(etimer.o)
                0x0000000000007978                etimer_next_expiration_time
 .text.call_process
                0x000000000000798e       0x46 contiki-wismote.a(process.o)
 .text.exit_process
                0x00000000000079d4       0x8a contiki-wismote.a(process.o)
 .text.do_poll  0x0000000000007a5e       0x30 contiki-wismote.a(process.o)
 .text.process_alloc_event
                0x0000000000007a8e        0xe contiki-wismote.a(process.o)
                0x0000000000007a8e                process_alloc_event
 .text.process_init
                0x0000000000007a9c       0x1c contiki-wismote.a(process.o)
                0x0000000000007a9c                process_init
 .text.process_run
                0x0000000000007ab8       0xa4 contiki-wismote.a(process.o)
                0x0000000000007ab8                process_run
 .text.process_nevents
                0x0000000000007b5c        0xe contiki-wismote.a(process.o)
                0x0000000000007b5c                process_nevents
 .text.process_post
                0x0000000000007b6a       0x50 contiki-wismote.a(process.o)
                0x0000000000007b6a                process_post
 .text.process_post_synch
                0x0000000000007bba       0x12 contiki-wismote.a(process.o)
                0x0000000000007bba                process_post_synch
 .text.process_start
                0x0000000000007bcc       0x32 contiki-wismote.a(process.o)
                0x0000000000007bcc                process_start
 .text.process_poll
                0x0000000000007bfe       0x18 contiki-wismote.a(process.o)
                0x0000000000007bfe                process_poll
 .text.rtimer_init
                0x0000000000007c16        0x6 contiki-wismote.a(rtimer.o)
                0x0000000000007c16                rtimer_init
 .text.rtimer_run_next
                0x0000000000007c1c       0x26 contiki-wismote.a(rtimer.o)
                0x0000000000007c1c                rtimer_run_next
 .text.timer_set
                0x0000000000007c42       0x1c contiki-wismote.a(timer.o)
                0x0000000000007c42                timer_set
 .text.timer_expired
                0x0000000000007c5e       0x2a contiki-wismote.a(timer.o)
                0x0000000000007c5e                timer_expired
 .text.process_thread_serial_line_process
                0x0000000000007c88       0x9c contiki-wismote.a(serial-line.o)
 .text.serial_line_input_byte
                0x0000000000007d24       0x4a contiki-wismote.a(serial-line.o)
                0x0000000000007d24                serial_line_input_byte
 .text.serial_line_init
                0x0000000000007d6e       0x1c contiki-wismote.a(serial-line.o)
                0x0000000000007d6e                serial_line_init
 .text.list_init
                0x0000000000007d8a        0x6 contiki-wismote.a(list.o)
                0x0000000000007d8a                list_init
 .text.list_head
                0x0000000000007d90        0x4 contiki-wismote.a(list.o)
                0x0000000000007d90                list_head
 .text.list_tail
                0x0000000000007d94       0x12 contiki-wismote.a(list.o)
                0x0000000000007d94                list_tail
 .text.list_remove
                0x0000000000007da6       0x34 contiki-wismote.a(list.o)
                0x0000000000007da6                list_remove
 .text.list_add
                0x0000000000007dda       0x26 contiki-wismote.a(list.o)
                0x0000000000007dda                list_add
 .text.list_item_next
                0x0000000000007e00        0xc contiki-wismote.a(list.o)
                0x0000000000007e00                list_item_next
 .text.random_rand
                0x0000000000007e0c        0x6 contiki-wismote.a(random.o)
                0x0000000000007e0c                random_rand
 .text.ringbuf_init
                0x0000000000007e12       0x14 contiki-wismote.a(ringbuf.o)
                0x0000000000007e12                ringbuf_init
 .text.ringbuf_put
                0x0000000000007e26       0x38 contiki-wismote.a(ringbuf.o)
                0x0000000000007e26                ringbuf_put
 .text.ringbuf_get
                0x0000000000007e5e       0x2e contiki-wismote.a(ringbuf.o)
                0x0000000000007e5e                ringbuf_get
 .text.input    0x0000000000007e8c       0x36 contiki-wismote.a(rime.o)
 .text.init     0x0000000000007ec2       0x2e contiki-wismote.a(rime.o)
 .text.packet_sent
                0x0000000000007ef0       0x74 contiki-wismote.a(rime.o)
 .text.rime_output
                0x0000000000007f64       0x24 contiki-wismote.a(rime.o)
                0x0000000000007f64                rime_output
 .text.adv_packet_sent
                0x0000000000007f88        0x2 contiki-wismote.a(broadcast-annou)
 .text.adv_packet_received
                0x0000000000007f8a       0x58 contiki-wismote.a(broadcast-annou)
 .text.set_timers
                0x0000000000007fe2       0x4a contiki-wismote.a(broadcast-annou)
 .text.send_timer
                0x000000000000802c       0x36 contiki-wismote.a(broadcast-annou)
 .text.new_announcement
                0x0000000000008062       0x18 contiki-wismote.a(broadcast-annou)
 .text.send_adv
                0x000000000000807a       0x60 contiki-wismote.a(broadcast-annou)
 .text.broadcast_announcement_init
                0x00000000000080da       0x44 contiki-wismote.a(broadcast-annou)
                0x00000000000080da                broadcast_announcement_init
 .text.announcement_init
                0x000000000000811e        0xa contiki-wismote.a(announcement.o)
                0x000000000000811e                announcement_init
 .text.announcement_register_observer_callback
                0x0000000000008128        0x6 contiki-wismote.a(announcement.o)
                0x0000000000008128                announcement_register_observer_callback
 .text.announcement_list
                0x000000000000812e        0xa contiki-wismote.a(announcement.o)
                0x000000000000812e                announcement_list
 .text.announcement_heard
                0x0000000000008138       0x36 contiki-wismote.a(announcement.o)
                0x0000000000008138                announcement_heard
 .text.chameleon_init
                0x000000000000816e        0x6 contiki-wismote.a(chameleon.o)
                0x000000000000816e                chameleon_init
 .text.chameleon_parse
                0x0000000000008174       0x10 contiki-wismote.a(chameleon.o)
                0x0000000000008174                chameleon_parse
 .text.chameleon_create
                0x0000000000008184       0x1c contiki-wismote.a(chameleon.o)
                0x0000000000008184                chameleon_create
 .text.chameleon_hdrsize
                0x00000000000081a0        0x6 contiki-wismote.a(chameleon.o)
                0x00000000000081a0                chameleon_hdrsize
 .text.channel_init
                0x00000000000081a6        0xa contiki-wismote.a(channel.o)
                0x00000000000081a6                channel_init
 .text.channel_open
                0x00000000000081b0       0x10 contiki-wismote.a(channel.o)
                0x00000000000081b0                channel_open
 .text.channel_close
                0x00000000000081c0        0xc contiki-wismote.a(channel.o)
                0x00000000000081c0                channel_close
 .text.channel_lookup
                0x00000000000081cc       0x20 contiki-wismote.a(channel.o)
                0x00000000000081cc                channel_lookup
 .text.channel_set_attributes
                0x00000000000081ec       0x20 contiki-wismote.a(channel.o)
                0x00000000000081ec                channel_set_attributes
 .text.sent_by_abc
                0x000000000000820c       0x10 contiki-wismote.a(broadcast.o)
 .text.recv_from_abc
                0x000000000000821c       0x26 contiki-wismote.a(broadcast.o)
 .text.broadcast_open
                0x0000000000008242       0x22 contiki-wismote.a(broadcast.o)
                0x0000000000008242                broadcast_open
 .text.broadcast_close
                0x0000000000008264        0x6 contiki-wismote.a(broadcast.o)
                0x0000000000008264                broadcast_close
 .text.broadcast_send
                0x000000000000826a       0x1a contiki-wismote.a(broadcast.o)
                0x000000000000826a                broadcast_send
 .text.abc_open
                0x0000000000008284       0x1e contiki-wismote.a(abc.o)
                0x0000000000008284                abc_open
 .text.abc_close
                0x00000000000082a2        0x6 contiki-wismote.a(abc.o)
                0x00000000000082a2                abc_close
 .text.abc_send
                0x00000000000082a8       0x28 contiki-wismote.a(abc.o)
                0x00000000000082a8                abc_send
 .text.abc_input
                0x00000000000082d0       0x30 contiki-wismote.a(abc.o)
                0x00000000000082d0                abc_input
 .text.abc_sent
                0x0000000000008300       0x44 contiki-wismote.a(abc.o)
                0x0000000000008300                abc_sent
 .text.queuebuf_init
                0x0000000000008344       0x12 contiki-wismote.a(queuebuf.o)
                0x0000000000008344                queuebuf_init
 .text.queuebuf_to_packetbuf
                0x0000000000008356       0x32 contiki-wismote.a(queuebuf.o)
                0x0000000000008356                queuebuf_to_packetbuf
 .text.packetbuf_compact
                0x0000000000008388       0x2e contiki-wismote.a(packetbuf.o)
                0x0000000000008388                packetbuf_compact
 .text.packetbuf_hdrreduce
                0x00000000000083b6       0x1a contiki-wismote.a(packetbuf.o)
                0x00000000000083b6                packetbuf_hdrreduce
 .text.packetbuf_set_datalen
                0x00000000000083d0        0x6 contiki-wismote.a(packetbuf.o)
                0x00000000000083d0                packetbuf_set_datalen
 .text.packetbuf_dataptr
                0x00000000000083d6        0xe contiki-wismote.a(packetbuf.o)
                0x00000000000083d6                packetbuf_dataptr
 .text.packetbuf_hdrptr
                0x00000000000083e4        0xa contiki-wismote.a(packetbuf.o)
                0x00000000000083e4                packetbuf_hdrptr
 .text.packetbuf_datalen
                0x00000000000083ee        0x6 contiki-wismote.a(packetbuf.o)
                0x00000000000083ee                packetbuf_datalen
 .text.packetbuf_hdrlen
                0x00000000000083f4       0x10 contiki-wismote.a(packetbuf.o)
                0x00000000000083f4                packetbuf_hdrlen
 .text.packetbuf_totlen
                0x0000000000008404        0xc contiki-wismote.a(packetbuf.o)
                0x0000000000008404                packetbuf_totlen
 .text.packetbuf_hdralloc
                0x0000000000008410       0x2a contiki-wismote.a(packetbuf.o)
                0x0000000000008410                packetbuf_hdralloc
 .text.packetbuf_attr_clear
                0x000000000000843a       0x2c contiki-wismote.a(packetbuf.o)
                0x000000000000843a                packetbuf_attr_clear
 .text.packetbuf_clear
                0x0000000000008466       0x1a contiki-wismote.a(packetbuf.o)
                0x0000000000008466                packetbuf_clear
 .text.packetbuf_copyfrom
                0x0000000000008480       0x2a contiki-wismote.a(packetbuf.o)
                0x0000000000008480                packetbuf_copyfrom
 .text.packetbuf_attr_copyfrom
                0x00000000000084aa       0x22 contiki-wismote.a(packetbuf.o)
                0x00000000000084aa                packetbuf_attr_copyfrom
 .text.packetbuf_holds_broadcast
                0x00000000000084cc        0xe contiki-wismote.a(packetbuf.o)
                0x00000000000084cc                packetbuf_holds_broadcast
 .text.linkaddr_copy
                0x00000000000084da        0xc contiki-wismote.a(linkaddr.o)
                0x00000000000084da                linkaddr_copy
 .text.linkaddr_cmp
                0x00000000000084e6       0x12 contiki-wismote.a(linkaddr.o)
                0x00000000000084e6                linkaddr_cmp
 .text.linkaddr_set_node_addr
                0x00000000000084f8        0xc contiki-wismote.a(linkaddr.o)
                0x00000000000084f8                linkaddr_set_node_addr
 .text.send_packet
                0x0000000000008504        0x6 contiki-wismote.a(nullmac.o)
 .text.packet_input
                0x000000000000850a        0x6 contiki-wismote.a(nullmac.o)
 .text.on       0x0000000000008510        0x6 contiki-wismote.a(nullmac.o)
 .text.off      0x0000000000008516        0x6 contiki-wismote.a(nullmac.o)
 .text.channel_check_interval
                0x000000000000851c        0x4 contiki-wismote.a(nullmac.o)
 .text.init     0x0000000000008520        0x2 contiki-wismote.a(nullmac.o)
 .text.on       0x0000000000008522        0x6 contiki-wismote.a(nullrdc.o)
 .text.channel_check_interval
                0x0000000000008528        0x4 contiki-wismote.a(nullrdc.o)
 .text.init     0x000000000000852c        0x6 contiki-wismote.a(nullrdc.o)
 .text.send_one_packet
                0x0000000000008532      0x114 contiki-wismote.a(nullrdc.o)
 .text.send_list
                0x0000000000008646       0x28 contiki-wismote.a(nullrdc.o)
 .text.send_packet
                0x000000000000866e        0x6 contiki-wismote.a(nullrdc.o)
 .text.off      0x0000000000008674       0x10 contiki-wismote.a(nullrdc.o)
 .text.packet_input
                0x0000000000008684       0x68 contiki-wismote.a(nullrdc.o)
 .text.parse    0x00000000000086ec       0x9e contiki-wismote.a(framer-802154.o)
 .text.create_frame.isra.0
                0x000000000000878a      0x100 contiki-wismote.a(framer-802154.o)
 .text.create   0x000000000000888a        0x8 contiki-wismote.a(framer-802154.o)
 .text.hdr_length
                0x0000000000008892        0x8 contiki-wismote.a(framer-802154.o)
 .text.field_len
                0x000000000000889a       0x94 contiki-wismote.a(frame802154.o)
 .text.frame802154_hdrlen
                0x000000000000892e       0x2e contiki-wismote.a(frame802154.o)
                0x000000000000892e                frame802154_hdrlen
 .text.frame802154_create
                0x000000000000895c      0x112 contiki-wismote.a(frame802154.o)
                0x000000000000895c                frame802154_create
 .text.frame802154_parse
                0x0000000000008a6e      0x186 contiki-wismote.a(frame802154.o)
                0x0000000000008a6e                frame802154_parse
 .text.mac_call_sent_callback
                0x0000000000008bf4       0x14 contiki-wismote.a(mac.o)
                0x0000000000008bf4                mac_call_sent_callback
 .text.framer_canonical_create_and_secure
                0x0000000000008c08       0x20 contiki-wismote.a(framer.o)
                0x0000000000008c08                framer_canonical_create_and_secure
 .text.bootstrap
                0x0000000000008c28        0x4 contiki-wismote.a(nullsec.o)
 .text.send     0x0000000000008c2c        0xa contiki-wismote.a(nullsec.o)
 .text.on_frame_created
                0x0000000000008c36        0x4 contiki-wismote.a(nullsec.o)
 .text.input    0x0000000000008c3a        0x6 contiki-wismote.a(nullsec.o)
 .text.get_overhead
                0x0000000000008c40        0x4 contiki-wismote.a(nullsec.o)
 .text.spi_init
                0x0000000000008c44       0x38 contiki-wismote.a(spi.o)
                0x0000000000008c44                spi_init
 .text.memb_init
                0x0000000000008c7c       0x36 contiki-wismote.a(memb.o)
                0x0000000000008c7c                memb_init
 .text.memb_inmemb
                0x0000000000008cb2       0x2e contiki-wismote.a(memb.o)
                0x0000000000008cb2                memb_inmemb
 .text.header_size
                0x0000000000008ce0       0x16 contiki-wismote.a(chameleon-bitop)
 .text.get_bits_in_byte
                0x0000000000008cf6       0x3a contiki-wismote.a(chameleon-bitop)
                0x0000000000008cf6                get_bits_in_byte
 .text.get_bits
                0x0000000000008d30       0x8e contiki-wismote.a(chameleon-bitop)
                0x0000000000008d30                get_bits
 .text.unpack_header
                0x0000000000008dbe       0xb6 contiki-wismote.a(chameleon-bitop)
 .text.set_bits_in_byte
                0x0000000000008e74       0x2c contiki-wismote.a(chameleon-bitop)
                0x0000000000008e74                set_bits_in_byte
 .text.set_bits
                0x0000000000008ea0       0xa6 contiki-wismote.a(chameleon-bitop)
                0x0000000000008ea0                set_bits
 .text.pack_header
                0x0000000000008f46       0xa0 contiki-wismote.a(chameleon-bitop)
 .text.mac_sequence_is_duplicate
                0x0000000000008fe6       0x36 contiki-wismote.a(mac-sequence.o)
                0x0000000000008fe6                mac_sequence_is_duplicate
 .text.mac_sequence_register_seqno
                0x000000000000901c       0x5c contiki-wismote.a(mac-sequence.o)
                0x000000000000901c                mac_sequence_register_seqno
 .text.libgcc   0x0000000000009078       0x38 /usr/lib/gcc/msp430/4.6.3/mcpu-430x/mmpy-16/libgcc.a(_udivmod32.o)
                0x0000000000009078                __udivsi3
                0x0000000000009078                __ext_udivmod32
                0x00000000000090a6                __umodsi3
 .text          0x00000000000090b0       0x20 /usr/lib/gcc/msp430/4.6.3/../../../../msp430/lib/mcpu-430x/mmpy-16/libc.a(memcmp.o)
                0x00000000000090b0                memcmp
 .text          0x00000000000090d0       0xe4 /usr/lib/gcc/msp430/4.6.3/../../../../msp430/lib/mcpu-430x/mmpy-16/libc.a(memcpy.o)
                0x00000000000090d0                memcpy
 .text          0x00000000000091b4       0x5c /usr/lib/gcc/msp430/4.6.3/../../../../msp430/lib/mcpu-430x/mmpy-16/libc.a(memset.o)
                0x00000000000091b4                memset
 .text          0x0000000000009210       0x1e /usr/lib/gcc/msp430/4.6.3/../../../../msp430/lib/mcpu-430x/mmpy-16/libc.a(printf.o)
                0x0000000000009210                printf
                0x0000000000009220                vprintf
 .text          0x000000000000922e      0x818 /usr/lib/gcc/msp430/4.6.3/../../../../msp430/lib/mcpu-430x/mmpy-16/libc.a(vuprintf.o)
                0x00000000000093aa                vuprintf
 .text          0x0000000000009a46       0x2c /usr/lib/gcc/msp430/4.6.3/../../../../msp430/lib/mcpu-430x/mmpy-16/libc.a(puts.o)
                0x0000000000009a46                puts
 .text          0x0000000000009a72       0x54 /usr/lib/gcc/msp430/4.6.3/../../../../msp430/lib/mcpu-430x/mmpy-16/libc.a(rand.o)
                0x0000000000009a72                rand_r
                0x0000000000009a96                rand
                0x0000000000009abc                srand
 .text.libgcc   0x0000000000009ac6       0x2a /usr/lib/gcc/msp430/4.6.3/mcpu-430x/mmpy-16/libgcc.a(_mulsi3.o)
                0x0000000000009ac6                __mulsi3
 .text.libgcc   0x0000000000009af0       0x22 /usr/lib/gcc/msp430/4.6.3/mcpu-430x/mmpy-16/libgcc.a(_udivmod16.o)
                0x0000000000009af0                __udivhi3
                0x0000000000009af0                __ext_udivmod16
                0x0000000000009b0a                __umodhi3
 .text.libgcc   0x0000000000009b12       0xbc /usr/lib/gcc/msp430/4.6.3/mcpu-430x/mmpy-16/libgcc.a(_udivmod64.o)
                0x0000000000009b12                __xabi_udivmod64
                0x0000000000009b64                __udivdi3
                0x0000000000009b7e                __umoddi3
                0x0000000000009ba0                __udivmoddi4
 .text.crt0     0x0000000000009bce        0x2 /usr/lib/gcc/msp430/4.6.3/mcpu-430x/mmpy-16/libcrt0.a(_unexpected_.o)
                0x0000000000009bce                _unexpected_
                0x0000000000009bd0                . = ALIGN (0x2)

.rodata         0x0000000000009bd0      0x442
                0x0000000000009bd0                . = ALIGN (0x2)
 *(.rodata .rodata.* .gnu.linkonce.r.*)
 .rodata        0x0000000000009bd0       0x64 example-broadcast.co
                0x0000000000009c1a                autostart_processes
 .rodata        0x0000000000009c34       0xd4 obj_wismote/contiki-wismote-main.o
 .rodata        0x0000000000009d08       0x10 contiki-wismote.a(button-sensor.o)
                0x0000000000009d10                button_sensor
 .rodata        0x0000000000009d18        0x8 contiki-wismote.a(sensors.o)
 .rodata        0x0000000000009d20       0xbe contiki-wismote.a(cc2520.o)
                0x0000000000009db4                cc2520_driver
 .rodata        0x0000000000009dde        0xf contiki-wismote.a(ctimer.o)
 .rodata        0x0000000000009ded        0xc contiki-wismote.a(etimer.o)
 .rodata        0x0000000000009df9        0xe contiki-wismote.a(serial-line.o)
 *fill*         0x0000000000009e07        0x1 00
 .rodata        0x0000000000009e08       0x76 contiki-wismote.a(rime.o)
                0x0000000000009e78                rime_driver
 .rodata        0x0000000000009e7e        0x4 contiki-wismote.a(broadcast-annou)
 .rodata        0x0000000000009e82        0x8 contiki-wismote.a(broadcast.o)
 .rodata        0x0000000000009e8a       0x76 contiki-wismote.a(abc.o)
 .rodata        0x0000000000009f00        0x2 contiki-wismote.a(linkaddr.o)
                0x0000000000009f00                linkaddr_null
 .rodata        0x0000000000009f02       0x16 contiki-wismote.a(nullmac.o)
                0x0000000000009f0a                nullmac_driver
 .rodata        0x0000000000009f18       0xc4 contiki-wismote.a(nullrdc.o)
                0x0000000000009fcc                nullrdc_driver
 .rodata        0x0000000000009fdc        0x8 contiki-wismote.a(framer-802154.o)
                0x0000000000009fdc                framer_802154
 .rodata        0x0000000000009fe4        0x2 contiki-wismote.a(frame802154.o)
 .rodata        0x0000000000009fe6       0x14 contiki-wismote.a(nullsec.o)
                0x0000000000009fee                nullsec_driver
 .rodata        0x0000000000009ffa       0x10 contiki-wismote.a(chameleon-bitop)
                0x0000000000009ffa                chameleon_bitopt
 .rodata        0x000000000000a00a        0x7 /usr/lib/gcc/msp430/4.6.3/../../../../msp430/lib/mcpu-430x/mmpy-16/libc.a(vuprintf.o)
                0x000000000000a012                . = ALIGN (0x2)
 *fill*         0x000000000000a011        0x1 00
                0x000000000000a012                _etext = .

.data           0x0000000000001c00       0x56 load address 0x000000000000a012
                0x0000000000001c00                . = ALIGN (0x2)
                0x0000000000001c00                PROVIDE (__data_start, .)
 *(.data .data.* .gnu.linkonce.d.*)
 .data          0x0000000000001c00        0xa example-broadcast.co
                0x0000000000001c00                example_broadcast_process
 .data          0x0000000000001c0a        0x4 contiki-wismote.a(contiki-wismote)
                0x0000000000001c0a                sensors
 .data          0x0000000000001c0e        0xa contiki-wismote.a(sensors.o)
                0x0000000000001c0e                sensors_process
 .data          0x0000000000001c18        0xa contiki-wismote.a(cc2520.o)
                0x0000000000001c18                cc2520_process
 .data          0x0000000000001c22        0x2 contiki-wismote.a(msp430.o)
 .data          0x0000000000001c24        0xa contiki-wismote.a(ctimer.o)
                0x0000000000001c24                ctimer_process
 .data          0x0000000000001c2e        0xa contiki-wismote.a(etimer.o)
                0x0000000000001c2e                etimer_process
 .data          0x0000000000001c38        0xa contiki-wismote.a(serial-line.o)
                0x0000000000001c38                serial_line_process
 .data          0x0000000000001c42       0x10 contiki-wismote.a(queuebuf.o)
 .data          0x0000000000001c52        0x4 /usr/lib/gcc/msp430/4.6.3/../../../../msp430/lib/mcpu-430x/mmpy-16/libc.a(rand.o)
                0x0000000000001c56                . = ALIGN (0x2)
                0x0000000000001c56                _edata = .
                0x000000000000a012                PROVIDE (__data_load_start, LOADADDR (.data))
                0x0000000000000056                PROVIDE (__data_size, SIZEOF (.data))

.bss            0x0000000000001c56      0xfb8 load address 0x000000000000a068
                0x0000000000001c56                PROVIDE (__bss_start, .)
 *(.bss .bss.*)
 .bss           0x0000000000001c56       0x18 example-broadcast.co
 .bss           0x0000000000001c6e        0x4 obj_wismote/contiki-wismote-main.o
 .bss           0x0000000000001c72        0x8 contiki-wismote.a(button-sensor.o)
 .bss           0x0000000000001c7a        0x2 contiki-wismote.a(node-id.o)
                0x0000000000001c7a                node_id
 .bss           0x0000000000001c7c        0x6 contiki-wismote.a(sensors.o)
 .bss           0x0000000000001c82        0x8 contiki-wismote.a(cc2520.o)
 .bss           0x0000000000001c8a        0x4 contiki-wismote.a(uart1.o)
 .bss           0x0000000000001c8e        0xa contiki-wismote.a(clock.o)
 .bss           0x0000000000001c98        0x1 contiki-wismote.a(leds.o)
 *fill*         0x0000000000001c99        0x1 00
 .bss           0x0000000000001c9a        0x2 contiki-wismote.a(watchdog.o)
 .bss           0x0000000000001c9c        0x4 contiki-wismote.a(ctimer.o)
 .bss           0x0000000000001ca0        0x6 contiki-wismote.a(etimer.o)
 .bss           0x0000000000001ca6       0x42 contiki-wismote.a(process.o)
                0x0000000000001ca6                process_current
                0x0000000000001ca8                process_list
 .bss           0x0000000000001ce8        0x2 contiki-wismote.a(rtimer.o)
 .bss           0x0000000000001cea      0x10a contiki-wismote.a(serial-line.o)
 .bss           0x0000000000001df4        0x2 contiki-wismote.a(rime.o)
 .bss           0x0000000000001df6       0x46 contiki-wismote.a(broadcast-annou)
 .bss           0x0000000000001e3c        0x6 contiki-wismote.a(announcement.o)
 .bss           0x0000000000001e42        0x2 contiki-wismote.a(channel.o)
 .bss           0x0000000000001e44      0xc20 contiki-wismote.a(queuebuf.o)
 .bss           0x0000000000002a64       0xb8 contiki-wismote.a(packetbuf.o)
 .bss           0x0000000000002b1c        0x2 contiki-wismote.a(framer-802154.o)
 .bss           0x0000000000002b1e       0x40 contiki-wismote.a(mac-sequence.o)
 *(COMMON)
 COMMON         0x0000000000002b5e        0x2 contiki-wismote.a(contiki-wismote)
                0x0000000000002b5e                sensors_flags
 COMMON         0x0000000000002b60        0x1 contiki-wismote.a(sensors.o)
                0x0000000000002b60                sensors_event
 *fill*         0x0000000000002b61        0x1 00
 COMMON         0x0000000000002b62       0x13 contiki-wismote.a(cc2520.o)
                0x0000000000002b62                cc2520_sfd_counter
                0x0000000000002b64                cc2520_sfd_start_time
                0x0000000000002b66                cc2520_sfd_end_time
                0x0000000000002b68                cc2520_time_of_departure
                0x0000000000002b6a                cc2520_packets_seen
                0x0000000000002b6c                cc2520_packets_read
                0x0000000000002b6e                cc2520_last_rssi
                0x0000000000002b70                cc2520_time_of_arrival
                0x0000000000002b72                cc2520_authority_level_of_sender
                0x0000000000002b74                cc2520_last_correlation
 *fill*         0x0000000000002b75        0x1 00
 COMMON         0x0000000000002b76        0x2 contiki-wismote.a(msp430.o)
                0x0000000000002b76                msp430_dco_required
 COMMON         0x0000000000002b78       0x56 contiki-wismote.a(energest.o)
                0x0000000000002b78                energest_total_time
                0x0000000000002ba8                energest_total_count
                0x0000000000002baa                energest_current_mode
                0x0000000000002bb6                energest_current_time
 COMMON         0x0000000000002bce        0x1 contiki-wismote.a(process.o)
                0x0000000000002bce                process_maxevents
 COMMON         0x0000000000002bcf        0x1 contiki-wismote.a(serial-line.o)
                0x0000000000002bcf                serial_line_event_message
 COMMON         0x0000000000002bd0       0x3c contiki-wismote.a(packetbuf.o)
                0x0000000000002bd0                packetbuf_addrs
                0x0000000000002bd8                packetbuf_attrs
 COMMON         0x0000000000002c0c        0x2 contiki-wismote.a(linkaddr.o)
                0x0000000000002c0c                linkaddr_node_addr
                0x0000000000002c0e                . = ALIGN (0x2)
                0x0000000000002c0e                PROVIDE (__bss_end, .)
                0x0000000000000fb8                PROVIDE (__bss_size, SIZEOF (.bss))

.noinit         0x0000000000002c0e        0x2 load address 0x000000000000a068
                0x0000000000002c0e                PROVIDE (__noinit_start, .)
 *(.noinit .noinit.*)
 .noinit.crt0   0x0000000000002c0e        0x2 /usr/lib/gcc/msp430/4.6.3/mcpu-430x/mmpy-16/libcrt0.a(__watchdog_support.o)
                0x0000000000002c0e                __wdt_clear_value
                0x0000000000002c10                . = ALIGN (0x2)
                0x0000000000002c10                PROVIDE (__noinit_end, .)
                0x0000000000002c10                . = ALIGN (0x2)
                0x0000000000002c10                _end = .

.infomem        0x0000000000001800        0x0
 *(.infomem)
                0x0000000000001800                . = ALIGN (0x2)
 *(.infomem.*)

.infomemnobits  0x0000000000001800        0x0
 *(.infomemnobits)
                0x0000000000001800                . = ALIGN (0x2)
 *(.infomemnobits.*)

.infoa
 *(.infoa .infoa.*)

.infob
 *(.infob .infob.*)

.infoc
 *(.infoc .infoc.*)

.infod
 *(.infod .infod.*)

.vectors        0x000000000000ff80       0x80
                0x000000000000ff80                PROVIDE (__vectors_start, .)
 *(.vectors*)
 .vectors       0x000000000000ff80       0x80 /usr/lib/gcc/msp430/4.6.3/mcpu-430x/mmpy-16/crt0ivtbl64.o
                0x000000000000ff80                __ivtbl_64
                0x0000000000010000                _vectors_end = .

.fartext        0x0000000000010000        0x0
                0x0000000000010000                . = ALIGN (0x2)
 *(.fartext)
                0x0000000000010000                . = ALIGN (0x2)
 *(.fartext.*)
                0x0000000000010000                _efartext = .

.profiler
 *(.profiler)

.stab           0x0000000000000000    0x16ea8
 *(.stab)
 .stab          0x0000000000000000     0x1260 example-broadcast.co
 .stab          0x0000000000001260      0xd2c obj_wismote/contiki-wismote-main.o
                                       0x1614 (size before relaxing)
 .stab          0x0000000000001f8c      0x258 contiki-wismote.a(contiki-wismote)
                                        0x5b8 (size before relaxing)
 .stab          0x00000000000021e4      0x468 contiki-wismote.a(button-sensor.o)
                                        0x7d4 (size before relaxing)
 .stab          0x000000000000264c      0xa20 contiki-wismote.a(xmem.o)
                                        0xf48 (size before relaxing)
 .stab          0x000000000000306c      0x1f8 contiki-wismote.a(node-id.o)
                                        0x420 (size before relaxing)
 .stab          0x0000000000003264      0x81c contiki-wismote.a(sensors.o)
                                        0xb70 (size before relaxing)
 .stab          0x0000000000003a80     0x2304 contiki-wismote.a(cc2520.o)
                                       0x2c64 (size before relaxing)
 .stab          0x0000000000005d84      0x9fc contiki-wismote.a(cc2520-arch.o)
                                       0x13f8 (size before relaxing)
 .stab          0x0000000000006780      0x51c contiki-wismote.a(uart1.o)
                                        0xa14 (size before relaxing)
 .stab          0x0000000000006c9c      0x27c contiki-wismote.a(uart1-putchar.o)
                                        0x7bc (size before relaxing)
 .stab          0x0000000000006f18      0x60c contiki-wismote.a(msp430.o)
                                        0x960 (size before relaxing)
 .stab          0x0000000000007524      0x8d0 contiki-wismote.a(clock.o)
                                        0xc24 (size before relaxing)
 .stab          0x0000000000007df4      0x5dc contiki-wismote.a(leds.o)
                                        0x828 (size before relaxing)
 .stab          0x00000000000083d0      0x39c contiki-wismote.a(leds-arch.o)
                                        0x6f0 (size before relaxing)
 .stab          0x000000000000876c      0x3fc contiki-wismote.a(watchdog.o)
                                        0x750 (size before relaxing)
 .stab          0x0000000000008b68      0x3cc contiki-wismote.a(rtimer-arch.o)
                                        0x720 (size before relaxing)
 .stab          0x0000000000008f34      0x294 contiki-wismote.a(autostart.o)
                                        0x534 (size before relaxing)
 .stab          0x00000000000091c8      0x474 contiki-wismote.a(energest.o)
                                        0x6fc (size before relaxing)
 .stab          0x000000000000963c      0x858 contiki-wismote.a(ctimer.o)
                                        0xbc4 (size before relaxing)
 .stab          0x0000000000009e94      0xabc contiki-wismote.a(etimer.o)
                                        0xd8c (size before relaxing)
 .stab          0x000000000000a950      0xb7c contiki-wismote.a(process.o)
                                       0x1014 (size before relaxing)
 .stab          0x000000000000b4cc      0x3d8 contiki-wismote.a(rtimer.o)
                                        0x6c0 (size before relaxing)
 .stab          0x000000000000b8a4      0x354 contiki-wismote.a(timer.o)
                                        0x594 (size before relaxing)
 .stab          0x000000000000bbf8      0x54c contiki-wismote.a(serial-line.o)
                                        0xa50 (size before relaxing)
 .stab          0x000000000000c144      0x7f8 contiki-wismote.a(list.o)
                                        0x804 (size before relaxing)
 .stab          0x000000000000c93c      0x228 contiki-wismote.a(random.o)
                                        0x624 (size before relaxing)
 .stab          0x000000000000cb64      0x3fc contiki-wismote.a(ringbuf.o)
                                        0x63c (size before relaxing)
 .stab          0x000000000000cf60      0xb40 contiki-wismote.a(rime.o)
                                       0x14c4 (size before relaxing)
 .stab          0x000000000000daa0      0x948 contiki-wismote.a(broadcast-annou)
                                       0x15c0 (size before relaxing)
 .stab          0x000000000000e3e8      0x6e4 contiki-wismote.a(announcement.o)
                                        0x984 (size before relaxing)
 .stab          0x000000000000eacc      0x5e8 contiki-wismote.a(chameleon.o)
                                       0x123c (size before relaxing)
 .stab          0x000000000000f0b4      0x624 contiki-wismote.a(channel.o)
                                       0x129c (size before relaxing)
 .stab          0x000000000000f6d8      0x6d8 contiki-wismote.a(broadcast.o)
                                       0x150c (size before relaxing)
 .stab          0x000000000000fdb0      0x6c0 contiki-wismote.a(abc.o)
                                       0x1524 (size before relaxing)
 .stab          0x0000000000010470      0xa5c contiki-wismote.a(queuebuf.o)
                                       0x1890 (size before relaxing)
 .stab          0x0000000000010ecc      0xda4 contiki-wismote.a(packetbuf.o)
                                       0x1bf0 (size before relaxing)
 .stab          0x0000000000011c70      0x2c4 contiki-wismote.a(linkaddr.o)
                                        0x6c0 (size before relaxing)
 .stab          0x0000000000011f34      0x930 contiki-wismote.a(nullmac.o)